// Jest Snapshot v1, https://goo.gl/fbAQLP

exports[`Team Table matches snapshot 1`] = `
<div class="elevation-1">
  <div class="v-table__overflow">
    <table class="v-datatable v-table">
      <thead>
        <tr>
          <th role="columnheader" scope="col" aria-label="Season: Sorted ascending. Activate to sort descending." aria-sort="ascending" tabindex="0" class="column sortable active asc text-xs-left">Season
            <i aria-hidden="true" class="v-icon material-icons" style="font-size: 16px;">arrow_upward</i>
          </th>
          <th role="columnheader" scope="col" aria-label="Wins: Not sorted. Activate to sort ascending." aria-sort="none" tabindex="0" class="column sortable text-xs-left">Wins
            <i aria-hidden="true" class="v-icon material-icons" style="font-size: 16px;">arrow_upward</i>
          </th>
          <th role="columnheader" scope="col" aria-label="Loses: Not sorted. Activate to sort ascending." aria-sort="none" tabindex="0" class="column sortable text-xs-left">Loses
            <i aria-hidden="true" class="v-icon material-icons" style="font-size: 16px;">arrow_upward</i>
          </th>
          <th role="columnheader" scope="col" aria-label="Ties: Not sorted. Activate to sort ascending." aria-sort="none" tabindex="0" class="column sortable text-xs-left">Ties
            <i aria-hidden="true" class="v-icon material-icons" style="font-size: 16px;">arrow_upward</i>
          </th>
          <th role="columnheader" scope="col" aria-label="WL%: Not sorted. Activate to sort ascending." aria-sort="none" tabindex="0" class="column sortable text-xs-left">WL%
            <i aria-hidden="true" class="v-icon material-icons" style="font-size: 16px;">arrow_upward</i>
          </th>
          <th role="columnheader" scope="col" aria-label="Standing: Not sorted. Activate to sort ascending." aria-sort="none" tabindex="0" class="column sortable text-xs-left">Standing
            <i aria-hidden="true" class="v-icon material-icons" style="font-size: 16px;">arrow_upward</i>
          </th>
        </tr>
        <tr class="v-datatable__progress">
          <th colspan="6" class="column"></th>
        </tr>
      </thead>
      <tbody>
        <tr>
          <td>
            2015
          </td>
          <td>2</td>
          <td>1</td>
          <td>1</td>
          <td>toPercentage(0.3333)</td>
          <td>Regular</td>
        </tr>
        <tr>
          <td>
            2016
          </td>
          <td>3</td>
          <td>0</td>
          <td>0</td>
          <td>toPercentage(1)</td>
          <td>Runner Up</td>
        </tr>
      </tbody>
    </table>
  </div>
</div>
`;
